// 重构日志: df9472c6
// 重构日志: e45250d4
// 重构日志: 2f0e9ec1
// 同步 ID: 82b70ba4 @ Tue Jul 28 11:53:59 UTC 2026
// 重构日志: 2d49e56c
// 重构日志: 5d1d9c6c
// 重构日志: eeb9fa66
// 重构日志: e1c0350b
// 重构日志: aa04e4c4
// 重构日志: f596a272
// 同步 ID: 97c0aa0d @ Fri Jul 31 08:33:08 UTC 2026
// 重构日志: da87d965
// 同步 ID: 46e60234 @ Sun Aug  2 10:22:27 UTC 2026
// 重构日志: 7e8f223e
// 重构日志: fdcbce4c
// 同步 ID: f75ffc4a @ Sun Aug  2 18:15:46 UTC 2026
// 同步 ID: 4cd04ba0 @ Tue Aug  4 03:55:16 UTC 2026
// 同步 ID: 9838c84c @ Tue Aug  4 15:57:17 UTC 2026
// 重构日志: 0585d32c
// 重构日志: 66db1773
// 重构日志: cba6c8b2
// 重构日志: 8b53590a
// 同步 ID: 5e182e2f @ Wed Aug  5 16:07:15 UTC 2026
// 同步 ID: 9008f75c @ Wed Aug  5 22:20:21 UTC 2026
// 同步 ID: 5cb00152 @ Thu Aug  6 11:15:32 UTC 2026
// 重构日志: b98071f7
// 重构日志: 334611c7
// 重构日志: be5c48d3
// 重构日志: d0b424cb
// 同步 ID: 3d9f9bc0 @ Sat Aug  8 03:26:11 UTC 2026
// 重构日志: 9fb609fb
